// Jest Snapshot v1, https://goo.gl/fbAQLP

exports[`rooms page test tests should renders room page without crashing 1`] = `
<div
  className="room-page"
>
  <withI18nextTranslation(FindRoomForm) />
  <div
    className="room-page-bg d-flex justify-content-center align-items-end"
  >
    <h1>
      Book Room
    </h1>
  </div>
  <Container
    className="room-page-wrapper"
    fluid={false}
  >
    <t
      afterLoad={[Function]}
      beforeLoad={[Function]}
      useIntersectionObserver={true}
      visibleByDefault={false}
    >
      <RoomsList />
    </t>
  </Container>
</div>
`;

exports[`rooms page test tests should renders rooms item without crashing 1`] = `
<Container
  className="rooms-page__wrapper"
  fluid={false}
>
  <ForwardRef
    className="rooms-page__item mb-3"
    noGutters={false}
  >
    <Col
      className="room-page__item-img"
      lg={6}
      md={6}
      sm={6}
      style={
        Object {
          "background": "url(http://localhost:5000/static/) center center / cover",
        }
      }
      xs={6}
    />
    <Col
      lg={6}
      md={6}
      sm={6}
      xs={6}
    >
      <h3 />
      <div
        className="rooms-page__item-text"
      >
        <p>
          Category: 
        </p>
        <p>
          Price: 
          0
          $
        </p>
      </div>
      <NavLink
        className="button btn-black"
        id="redirect-button"
        to="/rooms/"
      >
        Show More
      </NavLink>
    </Col>
  </ForwardRef>
</Container>
`;

exports[`rooms page test tests should renders rooms list without crashing 1`] = `
<div>
  <RoomItem
    key="0"
    roomInfo={
      Object {
        "_id": "",
        "area": 0,
        "category": "",
        "description": "",
        "guests": 0,
        "image": "",
        "isBooked": false,
        "price": 0,
        "rooms": 0,
        "title": "",
      }
    }
    searchRoom={false}
  />
</div>
`;
