// Jest Snapshot v1, https://goo.gl/fbAQLP

exports[`should render without crashing 1`] = `
<Container
  className="hide-modal"
  fluid={true}
  id="overlay"
  onClick={[Function]}
>
  <div
    className="d-flex justify-content-around align-items-center"
    key="1"
  >
    <div
      className="change-user-info-form"
    >
      <h3>
        Change User form
      </h3>
      <label
        htmlFor="name"
      >
        Your name
      </label>
      <input
        className="form-control"
        id="name"
        name="name"
        onChange={[Function]}
        placeholder="name"
        type="text"
        value=""
      />
      <ErrorMessage
        type="error"
      />
      <label
        htmlFor="email"
      >
        Your last name
      </label>
      <input
        className="form-control"
        id="lastName"
        name="lastName"
        onChange={[Function]}
        placeholder="lastName"
        type="text"
        value=""
      />
      <ErrorMessage
        type="error"
      />
      <label
        htmlFor="email"
      >
        Your email
      </label>
      <input
        className="form-control"
        id="email"
        name="email"
        onChange={[Function]}
        placeholder="email"
        type="text"
        value=""
      />
      <ErrorMessage
        type="error"
      />
      <button
        className="button-book"
        onClick={[Function]}
      >
        Update Info
      </button>
      <button
        className="close-modal-button"
        onClick={[Function]}
      >
        <FontAwesomeIcon
          border={false}
          className=""
          fixedWidth={false}
          flip={null}
          icon={
            Object {
              "icon": Array [
                512,
                512,
                Array [],
                "f410",
                "M464 32H48C21.5 32 0 53.5 0 80v352c0 26.5 21.5 48 48 48h416c26.5 0 48-21.5 48-48V80c0-26.5-21.5-48-48-48zm-83.6 290.5c4.8 4.8 4.8 12.6 0 17.4l-40.5 40.5c-4.8 4.8-12.6 4.8-17.4 0L256 313.3l-66.5 67.1c-4.8 4.8-12.6 4.8-17.4 0l-40.5-40.5c-4.8-4.8-4.8-12.6 0-17.4l67.1-66.5-67.1-66.5c-4.8-4.8-4.8-12.6 0-17.4l40.5-40.5c4.8-4.8 12.6-4.8 17.4 0l66.5 67.1 66.5-67.1c4.8-4.8 12.6-4.8 17.4 0l40.5 40.5c4.8 4.8 4.8 12.6 0 17.4L313.3 256l67.1 66.5z",
              ],
              "iconName": "window-close",
              "prefix": "fas",
            }
          }
          inverse={false}
          listItem={false}
          mask={null}
          pull={null}
          pulse={false}
          rotation={null}
          size={null}
          spin={false}
          swapOpacity={false}
          symbol={false}
          title=""
          transform={null}
        />
      </button>
    </div>
  </div>
</Container>
`;
